[0.261s] DEBUG:colcon:Command line arguments: ['/usr/bin/colcon', 'build', '--packages-select', 'panda_control']
[0.261s] DEBUG:colcon:Parsed command line arguments: Namespace(log_base=None, log_level=None, verb_name='build', build_base='build', install_base='install', merge_install=False, symlink_install=False, test_result_base=None, continue_on_error=False, executor='parallel', parallel_workers=16, event_handlers=None, ignore_user_meta=False, metas=['./colcon.meta'], base_paths=['.'], packages_ignore=None, packages_ignore_regex=None, paths=None, packages_up_to=None, packages_up_to_regex=None, packages_above=None, packages_above_and_dependencies=None, packages_above_depth=None, packages_select_by_dep=None, packages_skip_by_dep=None, packages_skip_up_to=None, packages_select_build_failed=False, packages_skip_build_finished=False, packages_select_test_failures=False, packages_skip_test_passed=False, packages_select=['panda_control'], packages_skip=None, packages_select_regex=None, packages_skip_regex=None, packages_start=None, packages_end=None, cmake_args=None, cmake_target=None, cmake_target_skip_unavailable=False, cmake_clean_cache=False, cmake_clean_first=False, cmake_force_configure=False, ament_cmake_args=None, catkin_cmake_args=None, catkin_skip_building_tests=False, verb_parser=<colcon_defaults.argument_parser.defaults.DefaultArgumentsDecorator object at 0x7bdf20586660>, verb_extension=<colcon_core.verb.build.BuildVerb object at 0x7bdf20f43980>, main=<bound method BuildVerb.main of <colcon_core.verb.build.BuildVerb object at 0x7bdf20f43980>>)
[0.269s] ERROR:colcon.colcon_core.extension_point:Exception loading extension 'colcon_core.package_identification.python_setup_py': No module named 'distutils'
Traceback (most recent call last):
  File "/usr/lib/python3/dist-packages/colcon_core/extension_point.py", line 124, in load_extension_points
    extension_type = load_extension_point(name, value, group)
                     ^^^^^^^^^^^^^^^^^^^^^^^^^^^^^^^^^^^^^^^^
  File "/usr/lib/python3/dist-packages/colcon_core/extension_point.py", line 165, in load_extension_point
    return EntryPoint(name, value, group).load()
           ^^^^^^^^^^^^^^^^^^^^^^^^^^^^^^^^^^^^^
  File "/usr/lib/python3.12/importlib/metadata/__init__.py", line 205, in load
    module = import_module(match.group('module'))
             ^^^^^^^^^^^^^^^^^^^^^^^^^^^^^^^^^^^^
  File "/usr/lib/python3.12/importlib/__init__.py", line 90, in import_module
    return _bootstrap._gcd_import(name[level:], package, level)
           ^^^^^^^^^^^^^^^^^^^^^^^^^^^^^^^^^^^^^^^^^^^^^^^^^^^^
  File "<frozen importlib._bootstrap>", line 1387, in _gcd_import
  File "<frozen importlib._bootstrap>", line 1360, in _find_and_load
  File "<frozen importlib._bootstrap>", line 1331, in _find_and_load_unlocked
  File "<frozen importlib._bootstrap>", line 935, in _load_unlocked
  File "<frozen importlib._bootstrap_external>", line 995, in exec_module
  File "<frozen importlib._bootstrap>", line 488, in _call_with_frames_removed
  File "/usr/lib/python3/dist-packages/colcon_python_setup_py/package_identification/python_setup_py.py", line 10, in <module>
    import distutils.core
ModuleNotFoundError: No module named 'distutils'

[0.276s] Level 1:colcon.colcon_core.package_discovery:discover_packages(colcon_meta) check parameters
[0.276s] Level 1:colcon.colcon_core.package_discovery:discover_packages(recursive) check parameters
[0.276s] Level 1:colcon.colcon_core.package_discovery:discover_packages(ignore) check parameters
[0.276s] Level 1:colcon.colcon_core.package_discovery:discover_packages(path) check parameters
[0.276s] Level 1:colcon.colcon_core.package_discovery:discover_packages(colcon_meta) discover
[0.276s] Level 1:colcon.colcon_core.package_discovery:discover_packages(recursive) discover
[0.276s] INFO:colcon.colcon_core.package_discovery:Crawling recursively for packages in '/home/alexandrap/Dokumente/workspace2/ros2-panda-control'
[0.276s] Level 1:colcon.colcon_core.package_identification:_identify(.) by extensions ['ignore', 'ignore_ament_install']
[0.276s] Level 1:colcon.colcon_core.package_identification:_identify(.) by extension 'ignore'
[0.276s] Level 1:colcon.colcon_core.package_identification:_identify(.) by extension 'ignore_ament_install'
[0.276s] Level 1:colcon.colcon_core.package_identification:_identify(.) by extensions ['colcon_pkg']
[0.276s] Level 1:colcon.colcon_core.package_identification:_identify(.) by extension 'colcon_pkg'
[0.276s] Level 1:colcon.colcon_core.package_identification:_identify(.) by extensions ['colcon_meta']
[0.276s] Level 1:colcon.colcon_core.package_identification:_identify(.) by extension 'colcon_meta'
[0.276s] Level 1:colcon.colcon_core.package_identification:_identify(.) by extensions ['ros']
[0.276s] Level 1:colcon.colcon_core.package_identification:_identify(.) by extension 'ros'
[0.297s] Level 1:colcon.colcon_core.package_identification:_identify(.) by extensions ['cmake', 'python']
[0.298s] Level 1:colcon.colcon_core.package_identification:_identify(.) by extension 'cmake'
[0.298s] Level 1:colcon.colcon_core.package_identification:_identify(.) by extension 'python'
[0.298s] Level 1:colcon.colcon_core.package_identification:_identify(build) by extensions ['ignore', 'ignore_ament_install']
[0.298s] Level 1:colcon.colcon_core.package_identification:_identify(build) by extension 'ignore'
[0.298s] Level 1:colcon.colcon_core.package_identification:_identify(build) ignored
[0.298s] Level 1:colcon.colcon_core.package_identification:_identify(install) by extensions ['ignore', 'ignore_ament_install']
[0.298s] Level 1:colcon.colcon_core.package_identification:_identify(install) by extension 'ignore'
[0.298s] Level 1:colcon.colcon_core.package_identification:_identify(install) ignored
[0.298s] Level 1:colcon.colcon_core.package_identification:_identify(log) by extensions ['ignore', 'ignore_ament_install']
[0.298s] Level 1:colcon.colcon_core.package_identification:_identify(log) by extension 'ignore'
[0.298s] Level 1:colcon.colcon_core.package_identification:_identify(log) ignored
[0.298s] Level 1:colcon.colcon_core.package_identification:_identify(panda-control-ui) by extensions ['ignore', 'ignore_ament_install']
[0.298s] Level 1:colcon.colcon_core.package_identification:_identify(panda-control-ui) by extension 'ignore'
[0.298s] Level 1:colcon.colcon_core.package_identification:_identify(panda-control-ui) by extension 'ignore_ament_install'
[0.298s] Level 1:colcon.colcon_core.package_identification:_identify(panda-control-ui) by extensions ['colcon_pkg']
[0.298s] Level 1:colcon.colcon_core.package_identification:_identify(panda-control-ui) by extension 'colcon_pkg'
[0.298s] Level 1:colcon.colcon_core.package_identification:_identify(panda-control-ui) by extensions ['colcon_meta']
[0.298s] Level 1:colcon.colcon_core.package_identification:_identify(panda-control-ui) by extension 'colcon_meta'
[0.298s] Level 1:colcon.colcon_core.package_identification:_identify(panda-control-ui) by extensions ['ros']
[0.298s] Level 1:colcon.colcon_core.package_identification:_identify(panda-control-ui) by extension 'ros'
[0.298s] Level 1:colcon.colcon_core.package_identification:_identify(panda-control-ui) by extensions ['cmake', 'python']
[0.298s] Level 1:colcon.colcon_core.package_identification:_identify(panda-control-ui) by extension 'cmake'
[0.298s] Level 1:colcon.colcon_core.package_identification:_identify(panda-control-ui) by extension 'python'
[0.298s] Level 1:colcon.colcon_core.package_identification:_identify(panda-control-ui/public) by extensions ['ignore', 'ignore_ament_install']
[0.298s] Level 1:colcon.colcon_core.package_identification:_identify(panda-control-ui/public) by extension 'ignore'
[0.298s] Level 1:colcon.colcon_core.package_identification:_identify(panda-control-ui/public) by extension 'ignore_ament_install'
[0.298s] Level 1:colcon.colcon_core.package_identification:_identify(panda-control-ui/public) by extensions ['colcon_pkg']
[0.298s] Level 1:colcon.colcon_core.package_identification:_identify(panda-control-ui/public) by extension 'colcon_pkg'
[0.298s] Level 1:colcon.colcon_core.package_identification:_identify(panda-control-ui/public) by extensions ['colcon_meta']
[0.298s] Level 1:colcon.colcon_core.package_identification:_identify(panda-control-ui/public) by extension 'colcon_meta'
[0.299s] Level 1:colcon.colcon_core.package_identification:_identify(panda-control-ui/public) by extensions ['ros']
[0.299s] Level 1:colcon.colcon_core.package_identification:_identify(panda-control-ui/public) by extension 'ros'
[0.299s] Level 1:colcon.colcon_core.package_identification:_identify(panda-control-ui/public) by extensions ['cmake', 'python']
[0.299s] Level 1:colcon.colcon_core.package_identification:_identify(panda-control-ui/public) by extension 'cmake'
[0.299s] Level 1:colcon.colcon_core.package_identification:_identify(panda-control-ui/public) by extension 'python'
[0.299s] Level 1:colcon.colcon_core.package_identification:_identify(panda-control-ui/src) by extensions ['ignore', 'ignore_ament_install']
[0.299s] Level 1:colcon.colcon_core.package_identification:_identify(panda-control-ui/src) by extension 'ignore'
[0.299s] Level 1:colcon.colcon_core.package_identification:_identify(panda-control-ui/src) by extension 'ignore_ament_install'
[0.299s] Level 1:colcon.colcon_core.package_identification:_identify(panda-control-ui/src) by extensions ['colcon_pkg']
[0.299s] Level 1:colcon.colcon_core.package_identification:_identify(panda-control-ui/src) by extension 'colcon_pkg'
[0.299s] Level 1:colcon.colcon_core.package_identification:_identify(panda-control-ui/src) by extensions ['colcon_meta']
[0.299s] Level 1:colcon.colcon_core.package_identification:_identify(panda-control-ui/src) by extension 'colcon_meta'
[0.299s] Level 1:colcon.colcon_core.package_identification:_identify(panda-control-ui/src) by extensions ['ros']
[0.299s] Level 1:colcon.colcon_core.package_identification:_identify(panda-control-ui/src) by extension 'ros'
[0.299s] Level 1:colcon.colcon_core.package_identification:_identify(panda-control-ui/src) by extensions ['cmake', 'python']
[0.299s] Level 1:colcon.colcon_core.package_identification:_identify(panda-control-ui/src) by extension 'cmake'
[0.299s] Level 1:colcon.colcon_core.package_identification:_identify(panda-control-ui/src) by extension 'python'
[0.299s] Level 1:colcon.colcon_core.package_identification:_identify(robot_ws) by extensions ['ignore', 'ignore_ament_install']
[0.299s] Level 1:colcon.colcon_core.package_identification:_identify(robot_ws) by extension 'ignore'
[0.299s] Level 1:colcon.colcon_core.package_identification:_identify(robot_ws) by extension 'ignore_ament_install'
[0.299s] Level 1:colcon.colcon_core.package_identification:_identify(robot_ws) by extensions ['colcon_pkg']
[0.299s] Level 1:colcon.colcon_core.package_identification:_identify(robot_ws) by extension 'colcon_pkg'
[0.299s] Level 1:colcon.colcon_core.package_identification:_identify(robot_ws) by extensions ['colcon_meta']
[0.299s] Level 1:colcon.colcon_core.package_identification:_identify(robot_ws) by extension 'colcon_meta'
[0.299s] Level 1:colcon.colcon_core.package_identification:_identify(robot_ws) by extensions ['ros']
[0.299s] Level 1:colcon.colcon_core.package_identification:_identify(robot_ws) by extension 'ros'
[0.299s] Level 1:colcon.colcon_core.package_identification:_identify(robot_ws) by extensions ['cmake', 'python']
[0.299s] Level 1:colcon.colcon_core.package_identification:_identify(robot_ws) by extension 'cmake'
[0.299s] Level 1:colcon.colcon_core.package_identification:_identify(robot_ws) by extension 'python'
[0.299s] Level 1:colcon.colcon_core.package_identification:_identify(robot_ws/src) by extensions ['ignore', 'ignore_ament_install']
[0.299s] Level 1:colcon.colcon_core.package_identification:_identify(robot_ws/src) by extension 'ignore'
[0.299s] Level 1:colcon.colcon_core.package_identification:_identify(robot_ws/src) by extension 'ignore_ament_install'
[0.299s] Level 1:colcon.colcon_core.package_identification:_identify(robot_ws/src) by extensions ['colcon_pkg']
[0.299s] Level 1:colcon.colcon_core.package_identification:_identify(robot_ws/src) by extension 'colcon_pkg'
[0.299s] Level 1:colcon.colcon_core.package_identification:_identify(robot_ws/src) by extensions ['colcon_meta']
[0.299s] Level 1:colcon.colcon_core.package_identification:_identify(robot_ws/src) by extension 'colcon_meta'
[0.299s] Level 1:colcon.colcon_core.package_identification:_identify(robot_ws/src) by extensions ['ros']
[0.299s] Level 1:colcon.colcon_core.package_identification:_identify(robot_ws/src) by extension 'ros'
[0.299s] Level 1:colcon.colcon_core.package_identification:_identify(robot_ws/src) by extensions ['cmake', 'python']
[0.299s] Level 1:colcon.colcon_core.package_identification:_identify(robot_ws/src) by extension 'cmake'
[0.299s] Level 1:colcon.colcon_core.package_identification:_identify(robot_ws/src) by extension 'python'
[0.299s] Level 1:colcon.colcon_core.package_identification:_identify(robot_ws/src/panda_control) by extensions ['ignore', 'ignore_ament_install']
[0.299s] Level 1:colcon.colcon_core.package_identification:_identify(robot_ws/src/panda_control) by extension 'ignore'
[0.300s] Level 1:colcon.colcon_core.package_identification:_identify(robot_ws/src/panda_control) by extension 'ignore_ament_install'
[0.300s] Level 1:colcon.colcon_core.package_identification:_identify(robot_ws/src/panda_control) by extensions ['colcon_pkg']
[0.300s] Level 1:colcon.colcon_core.package_identification:_identify(robot_ws/src/panda_control) by extension 'colcon_pkg'
[0.300s] Level 1:colcon.colcon_core.package_identification:_identify(robot_ws/src/panda_control) by extensions ['colcon_meta']
[0.300s] Level 1:colcon.colcon_core.package_identification:_identify(robot_ws/src/panda_control) by extension 'colcon_meta'
[0.300s] Level 1:colcon.colcon_core.package_identification:_identify(robot_ws/src/panda_control) by extensions ['ros']
[0.300s] Level 1:colcon.colcon_core.package_identification:_identify(robot_ws/src/panda_control) by extension 'ros'
[0.303s] DEBUG:colcon.colcon_core.package_identification:Package 'robot_ws/src/panda_control' with type 'ros.ament_cmake' and name 'panda_control'
[0.303s] Level 1:colcon.colcon_core.package_identification:_identify(robot_ws/src/panda_control_msgs) by extensions ['ignore', 'ignore_ament_install']
[0.303s] Level 1:colcon.colcon_core.package_identification:_identify(robot_ws/src/panda_control_msgs) by extension 'ignore'
[0.303s] Level 1:colcon.colcon_core.package_identification:_identify(robot_ws/src/panda_control_msgs) by extension 'ignore_ament_install'
[0.303s] Level 1:colcon.colcon_core.package_identification:_identify(robot_ws/src/panda_control_msgs) by extensions ['colcon_pkg']
[0.303s] Level 1:colcon.colcon_core.package_identification:_identify(robot_ws/src/panda_control_msgs) by extension 'colcon_pkg'
[0.303s] Level 1:colcon.colcon_core.package_identification:_identify(robot_ws/src/panda_control_msgs) by extensions ['colcon_meta']
[0.303s] Level 1:colcon.colcon_core.package_identification:_identify(robot_ws/src/panda_control_msgs) by extension 'colcon_meta'
[0.303s] Level 1:colcon.colcon_core.package_identification:_identify(robot_ws/src/panda_control_msgs) by extensions ['ros']
[0.303s] Level 1:colcon.colcon_core.package_identification:_identify(robot_ws/src/panda_control_msgs) by extension 'ros'
[0.303s] DEBUG:colcon.colcon_core.package_identification:Package 'robot_ws/src/panda_control_msgs' with type 'ros.ament_cmake' and name 'panda_control_msgs'
[0.303s] Level 1:colcon.colcon_core.package_identification:_identify(robot_ws/src/panda_ign_moveit2) by extensions ['ignore', 'ignore_ament_install']
[0.303s] Level 1:colcon.colcon_core.package_identification:_identify(robot_ws/src/panda_ign_moveit2) by extension 'ignore'
[0.304s] Level 1:colcon.colcon_core.package_identification:_identify(robot_ws/src/panda_ign_moveit2) by extension 'ignore_ament_install'
[0.304s] Level 1:colcon.colcon_core.package_identification:_identify(robot_ws/src/panda_ign_moveit2) by extensions ['colcon_pkg']
[0.304s] Level 1:colcon.colcon_core.package_identification:_identify(robot_ws/src/panda_ign_moveit2) by extension 'colcon_pkg'
[0.304s] Level 1:colcon.colcon_core.package_identification:_identify(robot_ws/src/panda_ign_moveit2) by extensions ['colcon_meta']
[0.304s] Level 1:colcon.colcon_core.package_identification:_identify(robot_ws/src/panda_ign_moveit2) by extension 'colcon_meta'
[0.304s] Level 1:colcon.colcon_core.package_identification:_identify(robot_ws/src/panda_ign_moveit2) by extensions ['ros']
[0.304s] Level 1:colcon.colcon_core.package_identification:_identify(robot_ws/src/panda_ign_moveit2) by extension 'ros'
[0.304s] Level 1:colcon.colcon_core.package_identification:_identify(robot_ws/src/panda_ign_moveit2) by extensions ['cmake', 'python']
[0.304s] Level 1:colcon.colcon_core.package_identification:_identify(robot_ws/src/panda_ign_moveit2) by extension 'cmake'
[0.304s] Level 1:colcon.colcon_core.package_identification:_identify(robot_ws/src/panda_ign_moveit2) by extension 'python'
[0.304s] Level 1:colcon.colcon_core.package_identification:_identify(robot_ws/src/panda_ign_moveit2/panda) by extensions ['ignore', 'ignore_ament_install']
[0.304s] Level 1:colcon.colcon_core.package_identification:_identify(robot_ws/src/panda_ign_moveit2/panda) by extension 'ignore'
[0.304s] Level 1:colcon.colcon_core.package_identification:_identify(robot_ws/src/panda_ign_moveit2/panda) by extension 'ignore_ament_install'
[0.304s] Level 1:colcon.colcon_core.package_identification:_identify(robot_ws/src/panda_ign_moveit2/panda) by extensions ['colcon_pkg']
[0.304s] Level 1:colcon.colcon_core.package_identification:_identify(robot_ws/src/panda_ign_moveit2/panda) by extension 'colcon_pkg'
[0.304s] Level 1:colcon.colcon_core.package_identification:_identify(robot_ws/src/panda_ign_moveit2/panda) by extensions ['colcon_meta']
[0.304s] Level 1:colcon.colcon_core.package_identification:_identify(robot_ws/src/panda_ign_moveit2/panda) by extension 'colcon_meta'
[0.304s] Level 1:colcon.colcon_core.package_identification:_identify(robot_ws/src/panda_ign_moveit2/panda) by extensions ['ros']
[0.304s] Level 1:colcon.colcon_core.package_identification:_identify(robot_ws/src/panda_ign_moveit2/panda) by extension 'ros'
[0.304s] DEBUG:colcon.colcon_core.package_identification:Package 'robot_ws/src/panda_ign_moveit2/panda' with type 'ros.ament_cmake' and name 'panda'
[0.304s] Level 1:colcon.colcon_core.package_identification:_identify(robot_ws/src/panda_ign_moveit2/panda_description) by extensions ['ignore', 'ignore_ament_install']
[0.304s] Level 1:colcon.colcon_core.package_identification:_identify(robot_ws/src/panda_ign_moveit2/panda_description) by extension 'ignore'
[0.304s] Level 1:colcon.colcon_core.package_identification:_identify(robot_ws/src/panda_ign_moveit2/panda_description) by extension 'ignore_ament_install'
[0.304s] Level 1:colcon.colcon_core.package_identification:_identify(robot_ws/src/panda_ign_moveit2/panda_description) by extensions ['colcon_pkg']
[0.304s] Level 1:colcon.colcon_core.package_identification:_identify(robot_ws/src/panda_ign_moveit2/panda_description) by extension 'colcon_pkg'
[0.304s] Level 1:colcon.colcon_core.package_identification:_identify(robot_ws/src/panda_ign_moveit2/panda_description) by extensions ['colcon_meta']
[0.304s] Level 1:colcon.colcon_core.package_identification:_identify(robot_ws/src/panda_ign_moveit2/panda_description) by extension 'colcon_meta'
[0.304s] Level 1:colcon.colcon_core.package_identification:_identify(robot_ws/src/panda_ign_moveit2/panda_description) by extensions ['ros']
[0.304s] Level 1:colcon.colcon_core.package_identification:_identify(robot_ws/src/panda_ign_moveit2/panda_description) by extension 'ros'
[0.305s] DEBUG:colcon.colcon_core.package_identification:Package 'robot_ws/src/panda_ign_moveit2/panda_description' with type 'ros.ament_cmake' and name 'panda_description'
[0.305s] Level 1:colcon.colcon_core.package_identification:_identify(robot_ws/src/panda_ign_moveit2/panda_moveit_config) by extensions ['ignore', 'ignore_ament_install']
[0.305s] Level 1:colcon.colcon_core.package_identification:_identify(robot_ws/src/panda_ign_moveit2/panda_moveit_config) by extension 'ignore'
[0.305s] Level 1:colcon.colcon_core.package_identification:_identify(robot_ws/src/panda_ign_moveit2/panda_moveit_config) by extension 'ignore_ament_install'
[0.305s] Level 1:colcon.colcon_core.package_identification:_identify(robot_ws/src/panda_ign_moveit2/panda_moveit_config) by extensions ['colcon_pkg']
[0.305s] Level 1:colcon.colcon_core.package_identification:_identify(robot_ws/src/panda_ign_moveit2/panda_moveit_config) by extension 'colcon_pkg'
[0.305s] Level 1:colcon.colcon_core.package_identification:_identify(robot_ws/src/panda_ign_moveit2/panda_moveit_config) by extensions ['colcon_meta']
[0.305s] Level 1:colcon.colcon_core.package_identification:_identify(robot_ws/src/panda_ign_moveit2/panda_moveit_config) by extension 'colcon_meta'
[0.305s] Level 1:colcon.colcon_core.package_identification:_identify(robot_ws/src/panda_ign_moveit2/panda_moveit_config) by extensions ['ros']
[0.305s] Level 1:colcon.colcon_core.package_identification:_identify(robot_ws/src/panda_ign_moveit2/panda_moveit_config) by extension 'ros'
[0.305s] DEBUG:colcon.colcon_core.package_identification:Package 'robot_ws/src/panda_ign_moveit2/panda_moveit_config' with type 'ros.ament_cmake' and name 'panda_moveit_config'
[0.305s] Level 1:colcon.colcon_core.package_discovery:discover_packages(recursive) using defaults
[0.305s] Level 1:colcon.colcon_core.package_discovery:discover_packages(ignore) discover
[0.305s] Level 1:colcon.colcon_core.package_discovery:discover_packages(ignore) using defaults
[0.305s] Level 1:colcon.colcon_core.package_discovery:discover_packages(path) discover
[0.305s] Level 1:colcon.colcon_core.package_discovery:discover_packages(path) using defaults
[0.327s] ERROR:colcon.colcon_core.extension_point:Exception loading extension 'colcon_core.package_augmentation.python_setup_py': No module named 'distutils'
Traceback (most recent call last):
  File "/usr/lib/python3/dist-packages/colcon_core/extension_point.py", line 124, in load_extension_points
    extension_type = load_extension_point(name, value, group)
                     ^^^^^^^^^^^^^^^^^^^^^^^^^^^^^^^^^^^^^^^^
  File "/usr/lib/python3/dist-packages/colcon_core/extension_point.py", line 165, in load_extension_point
    return EntryPoint(name, value, group).load()
           ^^^^^^^^^^^^^^^^^^^^^^^^^^^^^^^^^^^^^
  File "/usr/lib/python3.12/importlib/metadata/__init__.py", line 205, in load
    module = import_module(match.group('module'))
             ^^^^^^^^^^^^^^^^^^^^^^^^^^^^^^^^^^^^
  File "/usr/lib/python3.12/importlib/__init__.py", line 90, in import_module
    return _bootstrap._gcd_import(name[level:], package, level)
           ^^^^^^^^^^^^^^^^^^^^^^^^^^^^^^^^^^^^^^^^^^^^^^^^^^^^
  File "<frozen importlib._bootstrap>", line 1387, in _gcd_import
  File "<frozen importlib._bootstrap>", line 1360, in _find_and_load
  File "<frozen importlib._bootstrap>", line 1331, in _find_and_load_unlocked
  File "<frozen importlib._bootstrap>", line 935, in _load_unlocked
  File "<frozen importlib._bootstrap_external>", line 995, in exec_module
  File "<frozen importlib._bootstrap>", line 488, in _call_with_frames_removed
  File "/usr/lib/python3/dist-packages/colcon_python_setup_py/package_augmentation/python_setup_py.py", line 9, in <module>
    from colcon_python_setup_py.package_identification.python_setup_py import \
  File "/usr/lib/python3/dist-packages/colcon_python_setup_py/package_identification/python_setup_py.py", line 10, in <module>
    import distutils.core
ModuleNotFoundError: No module named 'distutils'

[0.328s] ERROR:colcon.colcon_core.extension_point:Exception loading extension 'colcon_core.package_augmentation.ros_ament_python': No module named 'distutils'
Traceback (most recent call last):
  File "/usr/lib/python3/dist-packages/colcon_core/extension_point.py", line 124, in load_extension_points
    extension_type = load_extension_point(name, value, group)
                     ^^^^^^^^^^^^^^^^^^^^^^^^^^^^^^^^^^^^^^^^
  File "/usr/lib/python3/dist-packages/colcon_core/extension_point.py", line 165, in load_extension_point
    return EntryPoint(name, value, group).load()
           ^^^^^^^^^^^^^^^^^^^^^^^^^^^^^^^^^^^^^
  File "/usr/lib/python3.12/importlib/metadata/__init__.py", line 205, in load
    module = import_module(match.group('module'))
             ^^^^^^^^^^^^^^^^^^^^^^^^^^^^^^^^^^^^
  File "/usr/lib/python3.12/importlib/__init__.py", line 90, in import_module
    return _bootstrap._gcd_import(name[level:], package, level)
           ^^^^^^^^^^^^^^^^^^^^^^^^^^^^^^^^^^^^^^^^^^^^^^^^^^^^
  File "<frozen importlib._bootstrap>", line 1387, in _gcd_import
  File "<frozen importlib._bootstrap>", line 1360, in _find_and_load
  File "<frozen importlib._bootstrap>", line 1331, in _find_and_load_unlocked
  File "<frozen importlib._bootstrap>", line 935, in _load_unlocked
  File "<frozen importlib._bootstrap_external>", line 995, in exec_module
  File "<frozen importlib._bootstrap>", line 488, in _call_with_frames_removed
  File "/usr/lib/python3/dist-packages/colcon_ros/package_augmentation/ros_ament_python.py", line 8, in <module>
    from colcon_python_setup_py.package_identification.python_setup_py \
  File "/usr/lib/python3/dist-packages/colcon_python_setup_py/package_identification/python_setup_py.py", line 10, in <module>
    import distutils.core
ModuleNotFoundError: No module named 'distutils'

[0.332s] INFO:colcon.colcon_core.package_selection:Skipping not selected package 'panda_control_msgs' in 'robot_ws/src/panda_control_msgs'
[0.332s] INFO:colcon.colcon_core.package_selection:Skipping not selected package 'panda_description' in 'robot_ws/src/panda_ign_moveit2/panda_description'
[0.332s] INFO:colcon.colcon_core.package_selection:Skipping not selected package 'panda_moveit_config' in 'robot_ws/src/panda_ign_moveit2/panda_moveit_config'
[0.332s] INFO:colcon.colcon_core.package_selection:Skipping not selected package 'panda' in 'robot_ws/src/panda_ign_moveit2/panda'
[0.335s] Level 5:colcon.colcon_core.verb:set package 'panda_control' build argument 'cmake_args' from command line to 'None'
[0.336s] Level 5:colcon.colcon_core.verb:set package 'panda_control' build argument 'cmake_target' from command line to 'None'
[0.336s] Level 5:colcon.colcon_core.verb:set package 'panda_control' build argument 'cmake_target_skip_unavailable' from command line to 'False'
[0.336s] Level 5:colcon.colcon_core.verb:set package 'panda_control' build argument 'cmake_clean_cache' from command line to 'False'
[0.336s] Level 5:colcon.colcon_core.verb:set package 'panda_control' build argument 'cmake_clean_first' from command line to 'False'
[0.336s] Level 5:colcon.colcon_core.verb:set package 'panda_control' build argument 'cmake_force_configure' from command line to 'False'
[0.336s] Level 5:colcon.colcon_core.verb:set package 'panda_control' build argument 'ament_cmake_args' from command line to 'None'
[0.336s] Level 5:colcon.colcon_core.verb:set package 'panda_control' build argument 'catkin_cmake_args' from command line to 'None'
[0.336s] Level 5:colcon.colcon_core.verb:set package 'panda_control' build argument 'catkin_skip_building_tests' from command line to 'False'
[0.336s] DEBUG:colcon.colcon_core.verb:Building package 'panda_control' with the following arguments: {'ament_cmake_args': None, 'build_base': '/home/alexandrap/Dokumente/workspace2/ros2-panda-control/build/panda_control', 'catkin_cmake_args': None, 'catkin_skip_building_tests': False, 'cmake_args': None, 'cmake_clean_cache': False, 'cmake_clean_first': False, 'cmake_force_configure': False, 'cmake_target': None, 'cmake_target_skip_unavailable': False, 'install_base': '/home/alexandrap/Dokumente/workspace2/ros2-panda-control/install/panda_control', 'merge_install': False, 'path': '/home/alexandrap/Dokumente/workspace2/ros2-panda-control/robot_ws/src/panda_control', 'symlink_install': False, 'test_result_base': None}
[0.339s] INFO:colcon.colcon_core.executor:Executing jobs using 'parallel' executor
[0.344s] DEBUG:colcon.colcon_parallel_executor.executor.parallel:run_until_complete
[0.345s] INFO:colcon.colcon_ros.task.ament_cmake.build:Building ROS package in '/home/alexandrap/Dokumente/workspace2/ros2-panda-control/robot_ws/src/panda_control' with build type 'ament_cmake'
[0.345s] INFO:colcon.colcon_cmake.task.cmake.build:Building CMake package in '/home/alexandrap/Dokumente/workspace2/ros2-panda-control/robot_ws/src/panda_control'
[0.352s] INFO:colcon.colcon_core.plugin_system:Skipping extension 'colcon_core.shell.bat': Not used on non-Windows systems
[0.352s] DEBUG:colcon.colcon_core.shell:Skip shell extension 'dsv' for command environment
[0.357s] ERROR:colcon.colcon_cmake.task.cmake.build:Failed to find the following files:
- /home/alexandrap/Dokumente/workspace2/ros2-panda-control/install/panda_control_msgs/share/panda_control_msgs/package.sh
Check that the following packages have been built:
- panda_control_msgs
[0.357s] Level 1:colcon.colcon_core.environment:create_environment_scripts_only(panda_control)
[0.363s] Level 1:colcon.colcon_core.environment:checking '/home/alexandrap/Dokumente/workspace2/ros2-panda-control/install/panda_control' for CMake module files
[0.364s] Level 1:colcon.colcon_core.environment:checking '/home/alexandrap/Dokumente/workspace2/ros2-panda-control/install/panda_control' for CMake config files
[0.364s] Level 1:colcon.colcon_core.environment:checking '/home/alexandrap/Dokumente/workspace2/ros2-panda-control/install/panda_control/bin'
[0.364s] Level 1:colcon.colcon_core.environment:checking '/home/alexandrap/Dokumente/workspace2/ros2-panda-control/install/panda_control/lib/pkgconfig/panda_control.pc'
[0.365s] Level 1:colcon.colcon_core.environment:checking '/home/alexandrap/Dokumente/workspace2/ros2-panda-control/install/panda_control/lib/python3.12/site-packages'
[0.365s] Level 1:colcon.colcon_core.environment:checking '/home/alexandrap/Dokumente/workspace2/ros2-panda-control/install/panda_control/bin'
[0.368s] INFO:colcon.colcon_core.shell:Creating package descriptor '/home/alexandrap/Dokumente/workspace2/ros2-panda-control/install/panda_control/share/panda_control/package.dsv'
[0.369s] INFO:colcon.colcon_core.shell:Creating package script '/home/alexandrap/Dokumente/workspace2/ros2-panda-control/install/panda_control/share/panda_control/package.sh'
[0.369s] INFO:colcon.colcon_core.shell:Creating package script '/home/alexandrap/Dokumente/workspace2/ros2-panda-control/install/panda_control/share/panda_control/package.bash'
[0.370s] INFO:colcon.colcon_core.shell:Creating package script '/home/alexandrap/Dokumente/workspace2/ros2-panda-control/install/panda_control/share/panda_control/package.zsh'
[0.370s] Level 1:colcon.colcon_core.environment:create_file_with_runtime_dependencies(/home/alexandrap/Dokumente/workspace2/ros2-panda-control/install/panda_control/share/colcon-core/packages/panda_control)
[0.381s] DEBUG:colcon.colcon_parallel_executor.executor.parallel:closing loop
[0.381s] DEBUG:colcon.colcon_parallel_executor.executor.parallel:loop closed
[0.381s] DEBUG:colcon.colcon_parallel_executor.executor.parallel:run_until_complete finished with '1'
[0.381s] DEBUG:colcon.colcon_core.event_reactor:joining thread
[0.392s] INFO:colcon.colcon_core.plugin_system:Skipping extension 'colcon_notification.desktop_notification.terminal_notifier': Not used on non-Darwin systems
[0.392s] INFO:colcon.colcon_core.plugin_system:Skipping extension 'colcon_notification.desktop_notification.win32': Not used on non-Windows systems
[0.392s] INFO:colcon.colcon_notification.desktop_notification:Sending desktop notification using 'notify2'
[0.403s] DEBUG:colcon.colcon_core.event_reactor:joined thread
[0.407s] INFO:colcon.colcon_core.shell:Creating prefix script '/home/alexandrap/Dokumente/workspace2/ros2-panda-control/install/local_setup.sh'
[0.408s] INFO:colcon.colcon_core.shell:Creating prefix util module '/home/alexandrap/Dokumente/workspace2/ros2-panda-control/install/_local_setup_util_sh.py'
[0.409s] INFO:colcon.colcon_core.shell:Creating prefix chain script '/home/alexandrap/Dokumente/workspace2/ros2-panda-control/install/setup.sh'
[0.413s] INFO:colcon.colcon_core.shell:Creating prefix script '/home/alexandrap/Dokumente/workspace2/ros2-panda-control/install/local_setup.bash'
[0.413s] INFO:colcon.colcon_core.shell:Creating prefix chain script '/home/alexandrap/Dokumente/workspace2/ros2-panda-control/install/setup.bash'
[0.417s] INFO:colcon.colcon_core.shell:Creating prefix script '/home/alexandrap/Dokumente/workspace2/ros2-panda-control/install/local_setup.zsh'
[0.417s] INFO:colcon.colcon_core.shell:Creating prefix chain script '/home/alexandrap/Dokumente/workspace2/ros2-panda-control/install/setup.zsh'
